// Jest Snapshot v1, https://goo.gl/fbAQLP

exports[`withVideo rendering withVideo renders correctly 1`] = `
<div>
  <video
    height="175"
    poster=" "
    type="video/webm"
    width="280"
  >
    Sorry, your browser doesn't support embedded video, but don't worry, you can 
    <a
      href=" "
    >
      download it
    </a>
    and watch it with your favorite video player!
  </video>
</div>
`;
