// Jest Snapshot v1, https://goo.gl/fbAQLP

exports[`MoviesList rendering MoviesList renders correctly 1`] = `
Array [
  <div
    className="catalog__movies-list"
  >
    <a
      className="small-movie-card catalog__movies-card"
      href="/films/1"
      onClick={[Function]}
    >
      <article
        id={1}
        onMouseEnter={[Function]}
        onMouseLeave={[Function]}
      >
        <div
          className="small-movie-card__image"
        >
          <video
            height="175"
            poster="https://htmlacademy-react-3.appspot.com/wtw/static/film/preview/gangs_of_new_york.jpg"
            type="video/webm"
            width="280"
          >
            Sorry, your browser doesn't support embedded video
          </video>
        </div>
        <h3
          className="small-movie-card__title"
          style={
            Object {
              "color": "#d9ca74",
            }
          }
        >
          Gangs of new york
        </h3>
      </article>
    </a>
  </div>,
  <div
    className="catalog__more"
  >
    <button
      className="catalog__button"
      onClick={[Function]}
      type="button"
    >
      Show more
    </button>
  </div>,
]
`;
