// Jest Snapshot v1, https://goo.gl/fbAQLP

exports[`Review rendering Review renders correctly 1`] = `
<div
  className="review"
  id={1}
>
  <blockquote
    className="review__quote"
  >
    <p
      className="review__text"
    >
      Discerning travellers
    </p>
    <footer
      className="review__details"
    >
      <cite
        className="review__author"
        data-authorid={22}
      >
        Kate Muir
      </cite>
      <time
        className="review__date"
        dateTime={"2016-12-23T19:00:00.000Z"}
      >
        December 24, 2016
      </time>
    </footer>
  </blockquote>
  <div
    className="review__rating"
  >
    8.9
  </div>
</div>
`;
